  [1m[35mSQL (0.3ms)[0m  [1m[35mSET search_path TO public /*application='Shipright'*/[0m
  [1m[35m (5141.1ms)[0m  [1m[35mCREATE DATABASE "shipright_development" ENCODING = 'unicode' /*application='Shipright'*/[0m
  [1m[35mSQL (0.2ms)[0m  [1m[35mSET search_path TO public /*application='Shipright'*/[0m
  [1m[35m (249.3ms)[0m  [1m[35mCREATE DATABASE "shipright_test" ENCODING = 'unicode' /*application='Shipright'*/[0m
  [1m[35m (5.5ms)[0m  [1m[35mCREATE TABLE "schema_migrations" ("version" character varying NOT NULL PRIMARY KEY) /*application='Shipright'*/[0m
  [1m[35m (4.4ms)[0m  [1m[35mCREATE TABLE "ar_internal_metadata" ("key" character varying NOT NULL PRIMARY KEY, "value" character varying, "created_at" timestamp(6) NOT NULL, "updated_at" timestamp(6) NOT NULL) /*application='Shipright'*/[0m
  [1m[35m (0.2ms)[0m  [1m[34mSELECT pg_try_advisory_lock(3904553758132080165) /*application='Shipright'*/[0m
  [1m[36mActiveRecord::SchemaMigration Load (0.8ms)[0m  [1m[34mSELECT "schema_migrations"."version" FROM "schema_migrations" ORDER BY "schema_migrations"."version" ASC /*application='Shipright'*/[0m
  [1m[36mActiveRecord::InternalMetadata Load (0.8ms)[0m  [1m[34mSELECT * FROM "ar_internal_metadata" WHERE "ar_internal_metadata"."key" = 'environment' ORDER BY "ar_internal_metadata"."key" ASC LIMIT 1 /*application='Shipright'*/[0m
  [1m[36mActiveRecord::InternalMetadata Create (0.9ms)[0m  [1m[32mINSERT INTO "ar_internal_metadata" ("key", "value", "created_at", "updated_at") VALUES ('environment', 'development', '2026-05-05 23:33:36.960854', '2026-05-05 23:33:36.960857') RETURNING "key" /*application='Shipright'*/[0m
Migrating to CreateUsers (20260505233321)
  [1m[36mTRANSACTION (0.2ms)[0m  [1m[35mBEGIN /*application='Shipright'*/[0m
  [1m[35m (6.9ms)[0m  [1m[35mCREATE TABLE "users" ("id" bigserial primary key, "email_address" character varying NOT NULL, "password_digest" character varying NOT NULL, "created_at" timestamp(6) NOT NULL, "updated_at" timestamp(6) NOT NULL) /*application='Shipright'*/[0m
  [1m[35m (2.2ms)[0m  [1m[35mCREATE UNIQUE INDEX "index_users_on_email_address" ON "users" ("email_address") /*application='Shipright'*/[0m
  [1m[36mActiveRecord::SchemaMigration Create (0.9ms)[0m  [1m[32mINSERT INTO "schema_migrations" ("version") VALUES ('20260505233321') RETURNING "version" /*application='Shipright'*/[0m
  [1m[36mTRANSACTION (0.8ms)[0m  [1m[35mCOMMIT /*application='Shipright'*/[0m
Migrating to CreateSessions (20260505233323)
  [1m[36mTRANSACTION (0.6ms)[0m  [1m[35mBEGIN /*application='Shipright'*/[0m
  [1m[35m (29.4ms)[0m  [1m[35mCREATE TABLE "sessions" ("id" bigserial primary key, "user_id" bigint NOT NULL, "ip_address" character varying, "user_agent" character varying, "created_at" timestamp(6) NOT NULL, "updated_at" timestamp(6) NOT NULL, CONSTRAINT "fk_rails_758836b4f0"
FOREIGN KEY ("user_id")
  REFERENCES "users" ("id")
) /*application='Shipright'*/[0m
  [1m[35m (1.5ms)[0m  [1m[35mCREATE INDEX "index_sessions_on_user_id" ON "sessions" ("user_id") /*application='Shipright'*/[0m
  [1m[36mActiveRecord::SchemaMigration Create (1.7ms)[0m  [1m[32mINSERT INTO "schema_migrations" ("version") VALUES ('20260505233323') RETURNING "version" /*application='Shipright'*/[0m
  [1m[36mTRANSACTION (2.9ms)[0m  [1m[35mCOMMIT /*application='Shipright'*/[0m
  [1m[35m (0.8ms)[0m  [1m[34mSELECT pg_advisory_unlock(3904553758132080165) /*application='Shipright'*/[0m
  [1m[36mActiveRecord::SchemaMigration Load (2.8ms)[0m  [1m[34mSELECT "schema_migrations"."version" FROM "schema_migrations" ORDER BY "schema_migrations"."version" ASC /*application='Shipright'*/[0m
  [1m[35mSQL (0.2ms)[0m  [1m[35mSET search_path TO public /*application='Shipright'*/[0m
  [1m[35mSQL (0.2ms)[0m  [1m[35mSET search_path TO "$user", public /*application='Shipright'*/[0m
  [1m[35mSQL (0.3ms)[0m  [1m[35mSET search_path TO public /*application='Shipright'*/[0m
  [1m[35mSQL (1.3ms)[0m  [1m[35mSET search_path TO "$user", public /*application='Shipright'*/[0m
  [1m[36mActiveRecord::SchemaMigration Load (1.3ms)[0m  [1m[34mSELECT "schema_migrations"."version" FROM "schema_migrations" ORDER BY "schema_migrations"."version" ASC /*application='Shipright'*/[0m
